Performing C++ SOURCE FILE Test CMAKE_HAVE_LIBC_PTHREAD failed with the following output:
Change Dir: /mnt/d/02_mydocu/01_software/factor/ipos3_myob/build/CMakeFiles/CMakeTmp

Run Build Command(s):/usr/bin/make cmTC_38c45/fast && /usr/bin/make -f CMakeFiles/cmTC_38c45.dir/build.make CMakeFiles/cmTC_38c45.dir/build
make[1]: Entering directory '/mnt/d/02_mydocu/01_software/factor/ipos3_myob/build/CMakeFiles/CMakeTmp'
Building CXX object CMakeFiles/cmTC_38c45.dir/src.cxx.o
/usr/bin/c++    -DCMAKE_HAVE_LIBC_PTHREAD   -std=gnu++17 -o CMakeFiles/cmTC_38c45.dir/src.cxx.o -c /mnt/d/02_mydocu/01_software/factor/ipos3_myob/build/CMakeFiles/CMakeTmp/src.cxx
Linking CXX executable cmTC_38c45
/usr/bin/cmake -E cmake_link_script CMakeFiles/cmTC_38c45.dir/link.txt --verbose=1
/usr/bin/c++   -DCMAKE_HAVE_LIBC_PTHREAD    CMakeFiles/cmTC_38c45.dir/src.cxx.o  -o cmTC_38c45 
/usr/bin/ld: CMakeFiles/cmTC_38c45.dir/src.cxx.o: in function `main':
src.cxx:(.text+0x46): undefined reference to `pthread_create'
/usr/bin/ld: src.cxx:(.text+0x52): undefined reference to `pthread_detach'
/usr/bin/ld: src.cxx:(.text+0x63): undefined reference to `pthread_join'
collect2: error: ld returned 1 exit status
make[1]: *** [CMakeFiles/cmTC_38c45.dir/build.make:87: cmTC_38c45] Error 1
make[1]: Leaving directory '/mnt/d/02_mydocu/01_software/factor/ipos3_myob/build/CMakeFiles/CMakeTmp'
make: *** [Makefile:121: cmTC_38c45/fast] Error 2


Source file was:
#include <pthread.h>

void* test_func(void* data)
{
  return data;
}

int main(void)
{
  pthread_t thread;
  pthread_create(&thread, NULL, test_func, NULL);
  pthread_detach(thread);
  pthread_join(thread, NULL);
  pthread_atfork(NULL, NULL, NULL);
  pthread_exit(NULL);

  return 0;
}

Determining if the function pthread_create exists in the pthreads failed with the following output:
Change Dir: /mnt/d/02_mydocu/01_software/factor/ipos3_myob/build/CMakeFiles/CMakeTmp

Run Build Command(s):/usr/bin/make cmTC_40471/fast && /usr/bin/make -f CMakeFiles/cmTC_40471.dir/build.make CMakeFiles/cmTC_40471.dir/build
make[1]: Entering directory '/mnt/d/02_mydocu/01_software/factor/ipos3_myob/build/CMakeFiles/CMakeTmp'
Building CXX object CMakeFiles/cmTC_40471.dir/CheckFunctionExists.cxx.o
/usr/bin/c++    -DCHECK_FUNCTION_EXISTS=pthread_create   -std=gnu++17 -o CMakeFiles/cmTC_40471.dir/CheckFunctionExists.cxx.o -c /mnt/d/02_mydocu/01_software/factor/ipos3_myob/build/CMakeFiles/CheckLibraryExists/CheckFunctionExists.cxx
Linking CXX executable cmTC_40471
/usr/bin/cmake -E cmake_link_script CMakeFiles/cmTC_40471.dir/link.txt --verbose=1
/usr/bin/c++   -DCHECK_FUNCTION_EXISTS=pthread_create    CMakeFiles/cmTC_40471.dir/CheckFunctionExists.cxx.o  -o cmTC_40471  -lpthreads 
/usr/bin/ld: cannot find -lpthreads
collect2: error: ld returned 1 exit status
make[1]: *** [CMakeFiles/cmTC_40471.dir/build.make:87: cmTC_40471] Error 1
make[1]: Leaving directory '/mnt/d/02_mydocu/01_software/factor/ipos3_myob/build/CMakeFiles/CMakeTmp'
make: *** [Makefile:121: cmTC_40471/fast] Error 2



